 _____         _   _              <<<<
|_   _|__  ___| |_(_)_ __   __ _  <<<<
  | |/ _ \/ __| __| | '_ \ / _` | <<<<
  | |  __/\__ \ |_| | | | | (_| | <<<<
  |_|\___||___/\__|_|_| |_|\__, | <<<<
                           |___/  <<<<
