SIAKHOOI-TEXTUTILS(1)                                 Text Utils                                SIAKHOOI-TEXTUTILS(1)

NAME
       prefix - add a prefix to all lines of text.
       suffix - add a suffix to all lines of text.
       is-true - check if a value is true/yes/on/Y/T/1.
       is-false - check if a value is false/no/off/N/F/0.
SYNOPSIS
       prefix prefix
       suffix suffix
       is-true value
       is-false value

DESCRIPTION
       Collection of programs related to text transformations and evaluations.

LICENSE
       MIT

BUGS
       Report bugs at https://github.com/siakhooi/bash-textutils/issues.

SEE ALSO
       prefix(1), suffix(1), is-true(1), is-false(1)

AUTHORS
       Siak Hooi.

Siak Hooi TextUtils 1.1.0                             March 2023                                SIAKHOOI-TEXTUTILS(1)
